Analyzing VibraAPP...                                           

   info - Statements in an if should be enclosed in a block - lib\screens\account_screen.dart:51:9 - curly_braces_in_flow_control_structures
   info - 'withOpacity' is deprecated and shouldn't be used. Use .withValues() to avoid precision loss - lib\screens\calendar_screen.dart:311:41 - deprecated_member_use
   info - 'withOpacity' is deprecated and shouldn't be used. Use .withValues() to avoid precision loss - lib\screens\calendar_screen.dart:314:34 - deprecated_member_use
   info - 'withOpacity' is deprecated and shouldn't be used. Use .withValues() to avoid precision loss - lib\screens\concerts_in_range_screen.dart:200:33 - deprecated_member_use
   info - 'withOpacity' is deprecated and shouldn't be used. Use .withValues() to avoid precision loss - lib\screens\concerts_in_range_screen.dart:204:35 - deprecated_member_use
   info - 'withOpacity' is deprecated and shouldn't be used. Use .withValues() to avoid precision loss - lib\screens\events_map_screen.dart:236:62 - deprecated_member_use
   info - Unnecessary use of 'toList' in a spread - lib\screens\events_map_screen.dart:285:26 - unnecessary_to_list_in_spreads
   info - 'withOpacity' is deprecated and shouldn't be used. Use .withValues() to avoid precision loss - lib\screens\events_map_screen.dart:356:57 - deprecated_member_use
   info - 'activeColor' is deprecated and shouldn't be used. Use activeThumbColor instead. This feature was deprecated after v3.31.0-2.0.pre - lib\screens\events_map_screen.dart:412:29 - deprecated_member_use
   info - 'withOpacity' is deprecated and shouldn't be used. Use .withValues() to avoid precision loss - lib\screens\events_map_screen.dart:414:34 - deprecated_member_use
   info - 'withOpacity' is deprecated and shouldn't be used. Use .withValues() to avoid precision loss - lib\screens\events_map_screen.dart:509:56 - deprecated_member_use
   info - 'withOpacity' is deprecated and shouldn't be used. Use .withValues() to avoid precision loss - lib\screens\events_map_screen.dart:510:54 - deprecated_member_use
   info - 'withOpacity' is deprecated and shouldn't be used. Use .withValues() to avoid precision loss - lib\screens\events_map_screen.dart:519:47 - deprecated_member_use
   info - 'withOpacity' is deprecated and shouldn't be used. Use .withValues() to avoid precision loss - lib\screens\events_map_screen.dart:535:66 - deprecated_member_use
warning - Unused import: '../providers/language_provider.dart' - lib\screens\home_screen.dart:11:8 - unused_import
warning - Unused import: 'login_screen.dart' - lib\screens\home_screen.dart:20:8 - unused_import
  error - The name 'Ticket' isn't a type, so it can't be used as a type argument - lib\screens\home_screen.dart:92:14 - non_type_as_type_argument
  error - The method 'Ticket' isn't defined for the type '_HomeScreenState' - lib\screens\home_screen.dart:93:5 - undefined_method
  error - The method 'Ticket' isn't defined for the type '_HomeScreenState' - lib\screens\home_screen.dart:99:5 - undefined_method
warning - Dead code - lib\screens\home_screen.dart:216:21 - dead_code
warning - The left operand can't be null, so the right operand is never executed - lib\screens\home_screen.dart:216:24 - dead_null_aware_expression
   info - Statements in a for should be enclosed in a block - lib\screens\home_screen.dart:326:27 - curly_braces_in_flow_control_structures
   info - 'Share' is deprecated and shouldn't be used. Use SharePlus instead - lib\screens\home_screen.dart:356:5 - deprecated_member_use
   info - 'share' is deprecated and shouldn't be used. Use SharePlus.instance.share() instead - lib\screens\home_screen.dart:356:11 - deprecated_member_use
   info - Statements in an if should be enclosed in a block - lib\screens\home_screen.dart:402:9 - curly_braces_in_flow_control_structures
   info - Statements in an if should be enclosed in a block - lib\screens\home_screen.dart:404:9 - curly_braces_in_flow_control_structures
   info - Statements in an if should be enclosed in a block - lib\screens\home_screen.dart:406:9 - curly_braces_in_flow_control_structures
   info - Statements in an if should be enclosed in a block - lib\screens\home_screen.dart:408:9 - curly_braces_in_flow_control_structures
   info - 'withOpacity' is deprecated and shouldn't be used. Use .withValues() to avoid precision loss - lib\screens\home_screen.dart:427:24 - deprecated_member_use
   info - 'withOpacity' is deprecated and shouldn't be used. Use .withValues() to avoid precision loss - lib\screens\home_screen.dart:458:44 - deprecated_member_use
   info - 'withOpacity' is deprecated and shouldn't be used. Use .withValues() to avoid precision loss - lib\screens\home_screen.dart:465:46 - deprecated_member_use
   info - 'withOpacity' is deprecated and shouldn't be used. Use .withValues() to avoid precision loss - lib\screens\home_screen.dart:466:45 - deprecated_member_use
   info - Statements in an if should be enclosed in a block - lib\screens\home_screen.dart:549:19 - curly_braces_in_flow_control_structures
   info - 'withOpacity' is deprecated and shouldn't be used. Use .withValues() to avoid precision loss - lib\screens\home_screen.dart:561:48 - deprecated_member_use
   info - 'withOpacity' is deprecated and shouldn't be used. Use .withValues() to avoid precision loss - lib\screens\home_screen.dart:581:58 - deprecated_member_use
   info - Statements in an if should be enclosed in a block - lib\screens\home_screen.dart:663:27 - curly_braces_in_flow_control_structures
   info - Statements in an if should be enclosed in a block - lib\screens\home_screen.dart:678:27 - curly_braces_in_flow_control_structures
   info - Statements in an if should be enclosed in a block - lib\screens\home_screen.dart:693:27 - curly_braces_in_flow_control_structures
   info - 'withOpacity' is deprecated and shouldn't be used. Use .withValues() to avoid precision loss - lib\screens\home_screen.dart:749:68 - deprecated_member_use
   info - 'withOpacity' is deprecated and shouldn't be used. Use .withValues() to avoid precision loss - lib\screens\home_screen.dart:766:58 - deprecated_member_use
   info - Statements in an if should be enclosed in a block - lib\screens\home_screen.dart:785:13 - curly_braces_in_flow_control_structures
   info - Statements in an if should be enclosed in a block - lib\screens\home_screen.dart:793:13 - curly_braces_in_flow_control_structures
   info - Statements in an if should be enclosed in a block - lib\screens\home_screen.dart:798:13 - curly_braces_in_flow_control_structures
  error - The named parameter 'tickets' isn't defined - lib\screens\home_screen.dart:801:46 - undefined_named_parameter
   info - 'withOpacity' is deprecated and shouldn't be used. Use .withValues() to avoid precision loss - lib\screens\region_screen.dart:135:46 - deprecated_member_use
   info - 'withOpacity' is deprecated and shouldn't be used. Use .withValues() to avoid precision loss - lib\screens\saved_events_screen.dart:189:56 - deprecated_member_use
   info - 'withOpacity' is deprecated and shouldn't be used. Use .withValues() to avoid precision loss - lib\screens\saved_events_screen.dart:221:56 - deprecated_member_use
   info - 'Share' is deprecated and shouldn't be used. Use SharePlus instead - lib\screens\settings_screen.dart:380:13 - deprecated_member_use
   info - 'shareXFiles' is deprecated and shouldn't be used. Use SharePlus.instance.share() instead - lib\screens\settings_screen.dart:380:19 - deprecated_member_use
   info - 'activeColor' is deprecated and shouldn't be used. Use activeThumbColor instead. This feature was deprecated after v3.31.0-2.0.pre - lib\screens\settings_screen.dart:700:17 - deprecated_member_use
   info - Statements in an if should be enclosed in a block - lib\screens\settings_screen.dart:718:11 - curly_braces_in_flow_control_structures
   info - Statements in an if should be enclosed in a block - lib\screens\settings_screen.dart:720:11 - curly_braces_in_flow_control_structures
   info - Statements in an if should be enclosed in a block - lib\screens\settings_screen.dart:725:11 - curly_braces_in_flow_control_structures
   info - Statements in an if should be enclosed in a block - lib\screens\settings_screen.dart:727:11 - curly_braces_in_flow_control_structures
   info - 'activeColor' is deprecated and shouldn't be used. Use activeThumbColor instead. This feature was deprecated after v3.31.0-2.0.pre - lib\screens\settings_screen.dart:908:19 - deprecated_member_use
   info - 'withOpacity' is deprecated and shouldn't be used. Use .withValues() to avoid precision loss - lib\screens\ticket_screen.dart:35:42 - deprecated_member_use
   info - Use interpolation to compose strings and values - lib\services\ticketmaster_service.dart:54:22 - prefer_interpolation_to_compose_strings
   info - Use interpolation to compose strings and values - lib\services\ticketmaster_service.dart:55:20 - prefer_interpolation_to_compose_strings
   info - 'withOpacity' is deprecated and shouldn't be used. Use .withValues() to avoid precision loss - lib\widgets\home_components.dart:51:146 - deprecated_member_use
   info - 'withOpacity' is deprecated and shouldn't be used. Use .withValues() to avoid precision loss - lib\widgets\home_components.dart:51:177 - deprecated_member_use
   info - 'withOpacity' is deprecated and shouldn't be used. Use .withValues() to avoid precision loss - lib\widgets\home_components.dart:57:188 - deprecated_member_use
   info - 'withOpacity' is deprecated and shouldn't be used. Use .withValues() to avoid precision loss - lib\widgets\home_components.dart:57:220 - deprecated_member_use
   info - 'withOpacity' is deprecated and shouldn't be used. Use .withValues() to avoid precision loss - lib\widgets\home_components.dart:57:264 - deprecated_member_use
   info - 'withOpacity' is deprecated and shouldn't be used. Use .withValues() to avoid precision loss - lib\widgets\home_components.dart:57:297 - deprecated_member_use
   info - 'withOpacity' is deprecated and shouldn't be used. Use .withValues() to avoid precision loss - lib\widgets\home_components.dart:59:188 - deprecated_member_use
   info - 'withOpacity' is deprecated and shouldn't be used. Use .withValues() to avoid precision loss - lib\widgets\home_components.dart:59:220 - deprecated_member_use
   info - 'withOpacity' is deprecated and shouldn't be used. Use .withValues() to avoid precision loss - lib\widgets\home_components.dart:61:218 - deprecated_member_use
   info - 'withOpacity' is deprecated and shouldn't be used. Use .withValues() to avoid precision loss - lib\widgets\home_components.dart:61:250 - deprecated_member_use
   info - 'withOpacity' is deprecated and shouldn't be used. Use .withValues() to avoid precision loss - lib\widgets\home_components.dart:63:204 - deprecated_member_use
   info - 'withOpacity' is deprecated and shouldn't be used. Use .withValues() to avoid precision loss - lib\widgets\home_components.dart:63:280 - deprecated_member_use
   info - 'withOpacity' is deprecated and shouldn't be used. Use .withValues() to avoid precision loss - lib\widgets\home_components.dart:63:312 - deprecated_member_use
   info - 'withOpacity' is deprecated and shouldn't be used. Use .withValues() to avoid precision loss - lib\widgets\home_components.dart:65:194 - deprecated_member_use
   info - 'withOpacity' is deprecated and shouldn't be used. Use .withValues() to avoid precision loss - lib\widgets\home_components.dart:65:270 - deprecated_member_use
   info - 'withOpacity' is deprecated and shouldn't be used. Use .withValues() to avoid precision loss - lib\widgets\home_components.dart:65:302 - deprecated_member_use
   info - 'withOpacity' is deprecated and shouldn't be used. Use .withValues() to avoid precision loss - lib\widgets\home_components.dart:93:188 - deprecated_member_use
   info - 'withOpacity' is deprecated and shouldn't be used. Use .withValues() to avoid precision loss - lib\widgets\home_components.dart:97:120 - deprecated_member_use
   info - 'withOpacity' is deprecated and shouldn't be used. Use .withValues() to avoid precision loss - lib\widgets\home_components.dart:158:278 - deprecated_member_use
   info - 'withOpacity' is deprecated and shouldn't be used. Use .withValues() to avoid precision loss - lib\widgets\home_components.dart:158:461 - deprecated_member_use
   info - 'withOpacity' is deprecated and shouldn't be used. Use .withValues() to avoid precision loss - lib\widgets\home_components.dart:158:485 - deprecated_member_use
   info - 'withOpacity' is deprecated and shouldn't be used. Use .withValues() to avoid precision loss - lib\widgets\home_components.dart:158:516 - deprecated_member_use
   info - 'withOpacity' is deprecated and shouldn't be used. Use .withValues() to avoid precision loss - lib\widgets\home_components.dart:158:677 - deprecated_member_use
   info - 'withOpacity' is deprecated and shouldn't be used. Use .withValues() to avoid precision loss - lib\widgets\home_components.dart:177:164 - deprecated_member_use
   info - 'withOpacity' is deprecated and shouldn't be used. Use .withValues() to avoid precision loss - lib\widgets\home_components.dart:177:211 - deprecated_member_use
   info - 'withOpacity' is deprecated and shouldn't be used. Use .withValues() to avoid precision loss - lib\widgets\home_components.dart:177:322 - deprecated_member_use
   info - 'withOpacity' is deprecated and shouldn't be used. Use .withValues() to avoid precision loss - lib\widgets\home_drawer.dart:104:62 - deprecated_member_use
   info - 'withOpacity' is deprecated and shouldn't be used. Use .withValues() to avoid precision loss - lib\widgets\home_drawer.dart:138:36 - deprecated_member_use
   info - 'withOpacity' is deprecated and shouldn't be used. Use .withValues() to avoid precision loss - lib\widgets\home_drawer.dart:208:46 - deprecated_member_use
warning - The receiver can't be null, so the null-aware operator '?.' is unnecessary - lib\widgets\song_recognition_dialog.dart:97:34 - invalid_null_aware_operator
   info - 'withOpacity' is deprecated and shouldn't be used. Use .withValues() to avoid precision loss - lib\widgets\song_recognition_dialog.dart:239:48 - deprecated_member_use
   info - 'withOpacity' is deprecated and shouldn't be used. Use .withValues() to avoid precision loss - lib\widgets\song_recognition_dialog.dart:242:46 - deprecated_member_use
   info - 'withOpacity' is deprecated and shouldn't be used. Use .withValues() to avoid precision loss - lib\widgets\song_recognition_dialog.dart:254:39 - deprecated_member_use
   info - 'withOpacity' is deprecated and shouldn't be used. Use .withValues() to avoid precision loss - lib\widgets\song_recognition_dialog.dart:282:66 - deprecated_member_use
   info - 'withOpacity' is deprecated and shouldn't be used. Use .withValues() to avoid precision loss - lib\widgets\song_recognition_dialog.dart:313:57 - deprecated_member_use
   info - 'withOpacity' is deprecated and shouldn't be used. Use .withValues() to avoid precision loss - lib\widgets\song_recognition_dialog.dart:332:54 - deprecated_member_use
   info - 'withOpacity' is deprecated and shouldn't be used. Use .withValues() to avoid precision loss - lib\widgets\song_recognition_dialog.dart:408:42 - deprecated_member_use
   info - 'withOpacity' is deprecated and shouldn't be used. Use .withValues() to avoid precision loss - lib\widgets\song_recognition_dialog.dart:430:47 - deprecated_member_use
   info - 'withOpacity' is deprecated and shouldn't be used. Use .withValues() to avoid precision loss - lib\widgets\song_recognition_dialog.dart:445:53 - deprecated_member_use
   info - 'withOpacity' is deprecated and shouldn't be used. Use .withValues() to avoid precision loss - lib\widgets\song_recognition_dialog.dart:465:56 - deprecated_member_use
   info - 'withOpacity' is deprecated and shouldn't be used. Use .withValues() to avoid precision loss - lib\widgets\song_recognition_dialog.dart:488:56 - deprecated_member_use
   info - 'withOpacity' is deprecated and shouldn't be used. Use .withValues() to avoid precision loss - lib\widgets\song_recognition_dialog.dart:513:44 - deprecated_member_use
   info - 'withOpacity' is deprecated and shouldn't be used. Use .withValues() to avoid precision loss - lib\widgets\song_recognition_dialog.dart:533:38 - deprecated_member_use

